2026-02-26 19:35:36 [main] INFO  c.d.s.r.EmployeeRepositoryTest - Starting EmployeeRepositoryTest using Java 21.0.9 on denis-Aspire-A15-41M with PID 15241 (started by denis in /home/denis/git/JetBrains/IdeaProjects/java_springBoot)
2026-02-26 19:35:36 [main] DEBUG c.d.s.r.EmployeeRepositoryTest - Running with Spring Boot v2.7.18, Spring v5.3.31
2026-02-26 19:35:36 [main] INFO  c.d.s.r.EmployeeRepositoryTest - The following 1 profile is active: "prod"
2026-02-26 19:35:37 [main] INFO  o.s.d.r.c.RepositoryConfigurationDelegate - Bootstrapping Spring Data JPA repositories in DEFAULT mode.
2026-02-26 19:35:37 [main] INFO  o.s.d.r.c.RepositoryConfigurationDelegate - Finished Spring Data repository scanning in 30 ms. Found 2 JPA repository interfaces.
2026-02-26 19:35:37 [main] INFO  o.h.jpa.internal.util.LogHelper - HHH000204: Processing PersistenceUnitInfo [name: default]
2026-02-26 19:35:37 [main] INFO  org.hibernate.Version - HHH000412: Hibernate ORM core version 5.6.15.Final
2026-02-26 19:35:37 [main] INFO  o.h.annotations.common.Version - HCANN000001: Hibernate Commons Annotations {5.1.2.Final}
2026-02-26 19:35:37 [main] INFO  com.zaxxer.hikari.HikariDataSource - HikariPool-1 - Starting...
2026-02-26 19:35:37 [main] INFO  com.zaxxer.hikari.HikariDataSource - HikariPool-1 - Start completed.
2026-02-26 19:35:37 [main] INFO  org.hibernate.dialect.Dialect - HHH000400: Using dialect: org.hibernate.dialect.PostgreSQLDialect
2026-02-26 19:35:38 [main] INFO  o.h.e.t.j.p.i.JtaPlatformInitiator - HHH000490: Using JtaPlatform implementation: [org.hibernate.engine.transaction.jta.platform.internal.NoJtaPlatform]
2026-02-26 19:35:38 [main] INFO  o.s.o.j.LocalContainerEntityManagerFactoryBean - Initialized JPA EntityManagerFactory for persistence unit 'default'
2026-02-26 19:35:38 [main] WARN  c.d.s.c.ApplicationConfiguration - Application configuration initialized
2026-02-26 19:35:38 [main] INFO  c.d.s.r.EmployeeRepositoryTest - Started EmployeeRepositoryTest in 2.093 seconds (JVM running for 2.921)
2026-02-26 19:35:38 [main] INFO  o.s.t.c.t.TransactionContext - Began transaction (1) for test context [DefaultTestContext@e8df99a testClass = EmployeeRepositoryTest, testInstance = com.dma.springboot.repository.EmployeeRepositoryTest@71454b9d, testMethod = testFindByFilter@EmployeeRepositoryTest, testException = [null], mergedContextConfiguration = [MergedContextConfiguration@2dc995f4 testClass = EmployeeRepositoryTest, locations = '{}', classes = '{class com.dma.springboot.SpringBootTestApplication}', contextInitializerClasses = '[]', activeProfiles = '{prod}', propertySourceLocations = '{}', propertySourceProperties = '{org.springframework.boot.test.context.SpringBootTestContextBootstrapper=true}', contextCustomizers = set[org.springframework.boot.test.context.filter.ExcludeFilterContextCustomizer@17f9d882, org.springframework.boot.test.json.DuplicateJsonObjectContextCustomizerFactory$DuplicateJsonObjectContextCustomizer@4a83a74a, org.springframework.boot.test.mock.mockito.MockitoContextCustomizer@0, org.springframework.boot.test.web.client.TestRestTemplateContextCustomizer@16eb3ea3, org.springframework.boot.test.autoconfigure.actuate.metrics.MetricsExportContextCustomizerFactory$DisableMetricExportContextCustomizer@6fa51cd4, org.springframework.boot.test.autoconfigure.properties.PropertyMappingContextCustomizer@0, org.springframework.boot.test.autoconfigure.web.servlet.WebDriverContextCustomizerFactory$Customizer@1033576a, org.springframework.boot.test.context.SpringBootTestArgs@1, org.springframework.boot.test.context.SpringBootTestWebEnvironment@103f852], contextLoader = 'org.springframework.boot.test.context.SpringBootContextLoader', parent = [null]], attributes = map['org.springframework.test.context.event.ApplicationEventsTestExecutionListener.recordApplicationEvents' -> false]]; transaction manager [org.springframework.orm.jpa.JpaTransactionManager@3f4a605f]; rollback [true]
2026-02-26 19:35:38 [main] DEBUG org.hibernate.SQL - select employeeen0_.id as id1_1_, employeeen0_.birth_date as birth_da2_1_, employeeen0_.company_id as company_6_1_, employeeen0_.first_name as first_na3_1_, employeeen0_.last_name as last_nam4_1_, employeeen0_.salary as salary5_1_ from employee employeeen0_ where lower(employeeen0_.first_name) like ? escape '!'
2026-02-26 19:35:38 [main] TRACE o.h.type.descriptor.sql.BasicBinder - binding parameter [1] as [VARCHAR] - [%ivan%]
2026-02-26 19:35:38 [main] DEBUG org.hibernate.SQL - select companyent0_.id as id1_0_0_, companyent0_.name as name2_0_0_ from company companyent0_ where companyent0_.id=?
2026-02-26 19:35:38 [main] TRACE o.h.type.descriptor.sql.BasicBinder - binding parameter [1] as [INTEGER] - [1]
2026-02-26 19:35:38 [main] INFO  c.d.s.r.EmployeeRepositoryTest - Found : EmployeeEntity(id=1, firstName=Ivan, lastName=Ivanov, birthDay=2020-01-01, salary=100, company=CompanyEntity(id=1, name=Apple))
2026-02-26 19:35:38 [main] INFO  o.s.t.c.t.TransactionContext - Rolled back transaction for test: [DefaultTestContext@e8df99a testClass = EmployeeRepositoryTest, testInstance = com.dma.springboot.repository.EmployeeRepositoryTest@71454b9d, testMethod = testFindByFilter@EmployeeRepositoryTest, testException = [null], mergedContextConfiguration = [MergedContextConfiguration@2dc995f4 testClass = EmployeeRepositoryTest, locations = '{}', classes = '{class com.dma.springboot.SpringBootTestApplication}', contextInitializerClasses = '[]', activeProfiles = '{prod}', propertySourceLocations = '{}', propertySourceProperties = '{org.springframework.boot.test.context.SpringBootTestContextBootstrapper=true}', contextCustomizers = set[org.springframework.boot.test.context.filter.ExcludeFilterContextCustomizer@17f9d882, org.springframework.boot.test.json.DuplicateJsonObjectContextCustomizerFactory$DuplicateJsonObjectContextCustomizer@4a83a74a, org.springframework.boot.test.mock.mockito.MockitoContextCustomizer@0, org.springframework.boot.test.web.client.TestRestTemplateContextCustomizer@16eb3ea3, org.springframework.boot.test.autoconfigure.actuate.metrics.MetricsExportContextCustomizerFactory$DisableMetricExportContextCustomizer@6fa51cd4, org.springframework.boot.test.autoconfigure.properties.PropertyMappingContextCustomizer@0, org.springframework.boot.test.autoconfigure.web.servlet.WebDriverContextCustomizerFactory$Customizer@1033576a, org.springframework.boot.test.context.SpringBootTestArgs@1, org.springframework.boot.test.context.SpringBootTestWebEnvironment@103f852], contextLoader = 'org.springframework.boot.test.context.SpringBootContextLoader', parent = [null]], attributes = map['org.springframework.test.context.event.ApplicationEventsTestExecutionListener.recordApplicationEvents' -> false]]
2026-02-26 19:35:38 [SpringApplicationShutdownHook] INFO  o.s.o.j.LocalContainerEntityManagerFactoryBean - Closing JPA EntityManagerFactory for persistence unit 'default'
2026-02-26 19:35:38 [SpringApplicationShutdownHook] INFO  com.zaxxer.hikari.HikariDataSource - HikariPool-1 - Shutdown initiated...
2026-02-26 19:35:38 [SpringApplicationShutdownHook] INFO  com.zaxxer.hikari.HikariDataSource - HikariPool-1 - Shutdown completed.
2026-02-26 19:36:04 [main] INFO  c.d.s.r.EmployeeRepositoryTest - Starting EmployeeRepositoryTest using Java 21.0.9 on denis-Aspire-A15-41M with PID 15389 (started by denis in /home/denis/git/JetBrains/IdeaProjects/java_springBoot)
2026-02-26 19:36:04 [main] DEBUG c.d.s.r.EmployeeRepositoryTest - Running with Spring Boot v2.7.18, Spring v5.3.31
2026-02-26 19:36:04 [main] INFO  c.d.s.r.EmployeeRepositoryTest - The following 1 profile is active: "prod"
2026-02-26 19:36:04 [main] INFO  o.s.d.r.c.RepositoryConfigurationDelegate - Bootstrapping Spring Data JPA repositories in DEFAULT mode.
2026-02-26 19:36:04 [main] INFO  o.s.d.r.c.RepositoryConfigurationDelegate - Finished Spring Data repository scanning in 34 ms. Found 2 JPA repository interfaces.
2026-02-26 19:36:05 [main] INFO  o.h.jpa.internal.util.LogHelper - HHH000204: Processing PersistenceUnitInfo [name: default]
2026-02-26 19:36:05 [main] INFO  org.hibernate.Version - HHH000412: Hibernate ORM core version 5.6.15.Final
2026-02-26 19:36:05 [main] INFO  o.h.annotations.common.Version - HCANN000001: Hibernate Commons Annotations {5.1.2.Final}
2026-02-26 19:36:05 [main] INFO  com.zaxxer.hikari.HikariDataSource - HikariPool-1 - Starting...
2026-02-26 19:36:05 [main] INFO  com.zaxxer.hikari.HikariDataSource - HikariPool-1 - Start completed.
2026-02-26 19:36:05 [main] INFO  org.hibernate.dialect.Dialect - HHH000400: Using dialect: org.hibernate.dialect.PostgreSQLDialect
2026-02-26 19:36:05 [main] INFO  o.h.e.t.j.p.i.JtaPlatformInitiator - HHH000490: Using JtaPlatform implementation: [org.hibernate.engine.transaction.jta.platform.internal.NoJtaPlatform]
2026-02-26 19:36:05 [main] INFO  o.s.o.j.LocalContainerEntityManagerFactoryBean - Initialized JPA EntityManagerFactory for persistence unit 'default'
2026-02-26 19:36:05 [main] WARN  c.d.s.c.ApplicationConfiguration - Application configuration initialized
2026-02-26 19:36:06 [main] INFO  c.d.s.r.EmployeeRepositoryTest - Started EmployeeRepositoryTest in 2.173 seconds (JVM running for 2.856)
2026-02-26 19:36:06 [main] INFO  o.s.t.c.t.TransactionContext - Began transaction (1) for test context [DefaultTestContext@e8df99a testClass = EmployeeRepositoryTest, testInstance = com.dma.springboot.repository.EmployeeRepositoryTest@71454b9d, testMethod = testFindByFilter@EmployeeRepositoryTest, testException = [null], mergedContextConfiguration = [MergedContextConfiguration@2dc995f4 testClass = EmployeeRepositoryTest, locations = '{}', classes = '{class com.dma.springboot.SpringBootTestApplication}', contextInitializerClasses = '[]', activeProfiles = '{prod}', propertySourceLocations = '{}', propertySourceProperties = '{org.springframework.boot.test.context.SpringBootTestContextBootstrapper=true}', contextCustomizers = set[org.springframework.boot.test.context.filter.ExcludeFilterContextCustomizer@17f9d882, org.springframework.boot.test.json.DuplicateJsonObjectContextCustomizerFactory$DuplicateJsonObjectContextCustomizer@4a83a74a, org.springframework.boot.test.mock.mockito.MockitoContextCustomizer@0, org.springframework.boot.test.web.client.TestRestTemplateContextCustomizer@16eb3ea3, org.springframework.boot.test.autoconfigure.actuate.metrics.MetricsExportContextCustomizerFactory$DisableMetricExportContextCustomizer@6fa51cd4, org.springframework.boot.test.autoconfigure.properties.PropertyMappingContextCustomizer@0, org.springframework.boot.test.autoconfigure.web.servlet.WebDriverContextCustomizerFactory$Customizer@1033576a, org.springframework.boot.test.context.SpringBootTestArgs@1, org.springframework.boot.test.context.SpringBootTestWebEnvironment@103f852], contextLoader = 'org.springframework.boot.test.context.SpringBootContextLoader', parent = [null]], attributes = map['org.springframework.test.context.event.ApplicationEventsTestExecutionListener.recordApplicationEvents' -> false]]; transaction manager [org.springframework.orm.jpa.JpaTransactionManager@61c5fd78]; rollback [true]
2026-02-26 19:36:06 [main] DEBUG org.hibernate.SQL - select employeeen0_.id as id1_1_, employeeen0_.birth_date as birth_da2_1_, employeeen0_.company_id as company_6_1_, employeeen0_.first_name as first_na3_1_, employeeen0_.last_name as last_nam4_1_, employeeen0_.salary as salary5_1_ from employee employeeen0_ where lower(employeeen0_.first_name) like ? escape '!'
2026-02-26 19:36:06 [main] TRACE o.h.type.descriptor.sql.BasicBinder - binding parameter [1] as [VARCHAR] - [%ivan%]
2026-02-26 19:36:06 [main] DEBUG org.hibernate.SQL - select companyent0_.id as id1_0_0_, companyent0_.name as name2_0_0_ from company companyent0_ where companyent0_.id=?
2026-02-26 19:36:06 [main] TRACE o.h.type.descriptor.sql.BasicBinder - binding parameter [1] as [INTEGER] - [1]
2026-02-26 19:36:06 [main] WARN  c.d.s.r.EmployeeRepositoryTest - Found : EmployeeEntity(id=1, firstName=Ivan, lastName=Ivanov, birthDay=2020-01-01, salary=100, company=CompanyEntity(id=1, name=Apple))
2026-02-26 19:36:06 [main] INFO  o.s.t.c.t.TransactionContext - Rolled back transaction for test: [DefaultTestContext@e8df99a testClass = EmployeeRepositoryTest, testInstance = com.dma.springboot.repository.EmployeeRepositoryTest@71454b9d, testMethod = testFindByFilter@EmployeeRepositoryTest, testException = [null], mergedContextConfiguration = [MergedContextConfiguration@2dc995f4 testClass = EmployeeRepositoryTest, locations = '{}', classes = '{class com.dma.springboot.SpringBootTestApplication}', contextInitializerClasses = '[]', activeProfiles = '{prod}', propertySourceLocations = '{}', propertySourceProperties = '{org.springframework.boot.test.context.SpringBootTestContextBootstrapper=true}', contextCustomizers = set[org.springframework.boot.test.context.filter.ExcludeFilterContextCustomizer@17f9d882, org.springframework.boot.test.json.DuplicateJsonObjectContextCustomizerFactory$DuplicateJsonObjectContextCustomizer@4a83a74a, org.springframework.boot.test.mock.mockito.MockitoContextCustomizer@0, org.springframework.boot.test.web.client.TestRestTemplateContextCustomizer@16eb3ea3, org.springframework.boot.test.autoconfigure.actuate.metrics.MetricsExportContextCustomizerFactory$DisableMetricExportContextCustomizer@6fa51cd4, org.springframework.boot.test.autoconfigure.properties.PropertyMappingContextCustomizer@0, org.springframework.boot.test.autoconfigure.web.servlet.WebDriverContextCustomizerFactory$Customizer@1033576a, org.springframework.boot.test.context.SpringBootTestArgs@1, org.springframework.boot.test.context.SpringBootTestWebEnvironment@103f852], contextLoader = 'org.springframework.boot.test.context.SpringBootContextLoader', parent = [null]], attributes = map['org.springframework.test.context.event.ApplicationEventsTestExecutionListener.recordApplicationEvents' -> false]]
2026-02-26 19:36:06 [SpringApplicationShutdownHook] INFO  o.s.o.j.LocalContainerEntityManagerFactoryBean - Closing JPA EntityManagerFactory for persistence unit 'default'
2026-02-26 19:36:06 [SpringApplicationShutdownHook] INFO  com.zaxxer.hikari.HikariDataSource - HikariPool-1 - Shutdown initiated...
2026-02-26 19:36:06 [SpringApplicationShutdownHook] INFO  com.zaxxer.hikari.HikariDataSource - HikariPool-1 - Shutdown completed.
2026-02-26 19:38:07 [main] INFO  c.d.s.r.EmployeeRepositoryTest - Starting EmployeeRepositoryTest using Java 21.0.9 on denis-Aspire-A15-41M with PID 15596 (started by denis in /home/denis/git/JetBrains/IdeaProjects/java_springBoot)
2026-02-26 19:38:07 [main] DEBUG c.d.s.r.EmployeeRepositoryTest - Running with Spring Boot v2.7.18, Spring v5.3.31
2026-02-26 19:38:07 [main] INFO  c.d.s.r.EmployeeRepositoryTest - The following 1 profile is active: "prod"
2026-02-26 19:38:07 [main] INFO  o.s.d.r.c.RepositoryConfigurationDelegate - Bootstrapping Spring Data JPA repositories in DEFAULT mode.
2026-02-26 19:38:07 [main] INFO  o.s.d.r.c.RepositoryConfigurationDelegate - Finished Spring Data repository scanning in 29 ms. Found 2 JPA repository interfaces.
2026-02-26 19:38:07 [main] INFO  o.h.jpa.internal.util.LogHelper - HHH000204: Processing PersistenceUnitInfo [name: default]
2026-02-26 19:38:07 [main] INFO  org.hibernate.Version - HHH000412: Hibernate ORM core version 5.6.15.Final
2026-02-26 19:38:07 [main] INFO  o.h.annotations.common.Version - HCANN000001: Hibernate Commons Annotations {5.1.2.Final}
2026-02-26 19:38:08 [main] INFO  com.zaxxer.hikari.HikariDataSource - HikariPool-1 - Starting...
2026-02-26 19:38:08 [main] INFO  com.zaxxer.hikari.HikariDataSource - HikariPool-1 - Start completed.
2026-02-26 19:38:08 [main] INFO  org.hibernate.dialect.Dialect - HHH000400: Using dialect: org.hibernate.dialect.PostgreSQLDialect
2026-02-26 19:38:08 [main] INFO  o.h.e.t.j.p.i.JtaPlatformInitiator - HHH000490: Using JtaPlatform implementation: [org.hibernate.engine.transaction.jta.platform.internal.NoJtaPlatform]
2026-02-26 19:38:08 [main] INFO  o.s.o.j.LocalContainerEntityManagerFactoryBean - Initialized JPA EntityManagerFactory for persistence unit 'default'
2026-02-26 19:38:08 [main] WARN  c.d.s.c.ApplicationConfiguration - Application configuration initialized
2026-02-26 19:38:09 [main] INFO  c.d.s.r.EmployeeRepositoryTest - Started EmployeeRepositoryTest in 2.01 seconds (JVM running for 2.663)
2026-02-26 19:38:09 [main] INFO  o.s.t.c.t.TransactionContext - Began transaction (1) for test context [DefaultTestContext@e8df99a testClass = EmployeeRepositoryTest, testInstance = com.dma.springboot.repository.EmployeeRepositoryTest@71454b9d, testMethod = testFindByFilter@EmployeeRepositoryTest, testException = [null], mergedContextConfiguration = [MergedContextConfiguration@2dc995f4 testClass = EmployeeRepositoryTest, locations = '{}', classes = '{class com.dma.springboot.SpringBootTestApplication}', contextInitializerClasses = '[]', activeProfiles = '{prod}', propertySourceLocations = '{}', propertySourceProperties = '{org.springframework.boot.test.context.SpringBootTestContextBootstrapper=true}', contextCustomizers = set[org.springframework.boot.test.context.filter.ExcludeFilterContextCustomizer@17f9d882, org.springframework.boot.test.json.DuplicateJsonObjectContextCustomizerFactory$DuplicateJsonObjectContextCustomizer@4a83a74a, org.springframework.boot.test.mock.mockito.MockitoContextCustomizer@0, org.springframework.boot.test.web.client.TestRestTemplateContextCustomizer@16eb3ea3, org.springframework.boot.test.autoconfigure.actuate.metrics.MetricsExportContextCustomizerFactory$DisableMetricExportContextCustomizer@6fa51cd4, org.springframework.boot.test.autoconfigure.properties.PropertyMappingContextCustomizer@0, org.springframework.boot.test.autoconfigure.web.servlet.WebDriverContextCustomizerFactory$Customizer@1033576a, org.springframework.boot.test.context.SpringBootTestArgs@1, org.springframework.boot.test.context.SpringBootTestWebEnvironment@103f852], contextLoader = 'org.springframework.boot.test.context.SpringBootContextLoader', parent = [null]], attributes = map['org.springframework.test.context.event.ApplicationEventsTestExecutionListener.recordApplicationEvents' -> false]]; transaction manager [org.springframework.orm.jpa.JpaTransactionManager@566f4659]; rollback [true]
2026-02-26 19:38:09 [main] DEBUG org.hibernate.SQL - select employeeen0_.id as id1_1_, employeeen0_.birth_date as birth_da2_1_, employeeen0_.company_id as company_6_1_, employeeen0_.first_name as first_na3_1_, employeeen0_.last_name as last_nam4_1_, employeeen0_.salary as salary5_1_ from employee employeeen0_ where lower(employeeen0_.first_name) like ? escape '!'
2026-02-26 19:38:09 [main] TRACE o.h.type.descriptor.sql.BasicBinder - binding parameter [1] as [VARCHAR] - [%ivan%]
2026-02-26 19:38:09 [main] DEBUG org.hibernate.SQL - select companyent0_.id as id1_0_0_, companyent0_.name as name2_0_0_ from company companyent0_ where companyent0_.id=?
2026-02-26 19:38:09 [main] TRACE o.h.type.descriptor.sql.BasicBinder - binding parameter [1] as [INTEGER] - [1]
2026-02-26 19:38:09 [main] INFO  c.d.s.r.EmployeeRepositoryTest - Найден сотрудник: EmployeeEntity(id=1, firstName=Ivan, lastName=Ivanov, birthDay=2020-01-01, salary=100, company=CompanyEntity(id=1, name=Apple))
2026-02-26 19:38:09 [main] INFO  o.s.t.c.t.TransactionContext - Rolled back transaction for test: [DefaultTestContext@e8df99a testClass = EmployeeRepositoryTest, testInstance = com.dma.springboot.repository.EmployeeRepositoryTest@71454b9d, testMethod = testFindByFilter@EmployeeRepositoryTest, testException = [null], mergedContextConfiguration = [MergedContextConfiguration@2dc995f4 testClass = EmployeeRepositoryTest, locations = '{}', classes = '{class com.dma.springboot.SpringBootTestApplication}', contextInitializerClasses = '[]', activeProfiles = '{prod}', propertySourceLocations = '{}', propertySourceProperties = '{org.springframework.boot.test.context.SpringBootTestContextBootstrapper=true}', contextCustomizers = set[org.springframework.boot.test.context.filter.ExcludeFilterContextCustomizer@17f9d882, org.springframework.boot.test.json.DuplicateJsonObjectContextCustomizerFactory$DuplicateJsonObjectContextCustomizer@4a83a74a, org.springframework.boot.test.mock.mockito.MockitoContextCustomizer@0, org.springframework.boot.test.web.client.TestRestTemplateContextCustomizer@16eb3ea3, org.springframework.boot.test.autoconfigure.actuate.metrics.MetricsExportContextCustomizerFactory$DisableMetricExportContextCustomizer@6fa51cd4, org.springframework.boot.test.autoconfigure.properties.PropertyMappingContextCustomizer@0, org.springframework.boot.test.autoconfigure.web.servlet.WebDriverContextCustomizerFactory$Customizer@1033576a, org.springframework.boot.test.context.SpringBootTestArgs@1, org.springframework.boot.test.context.SpringBootTestWebEnvironment@103f852], contextLoader = 'org.springframework.boot.test.context.SpringBootContextLoader', parent = [null]], attributes = map['org.springframework.test.context.event.ApplicationEventsTestExecutionListener.recordApplicationEvents' -> false]]
2026-02-26 19:38:09 [SpringApplicationShutdownHook] INFO  o.s.o.j.LocalContainerEntityManagerFactoryBean - Closing JPA EntityManagerFactory for persistence unit 'default'
2026-02-26 19:38:09 [SpringApplicationShutdownHook] INFO  com.zaxxer.hikari.HikariDataSource - HikariPool-1 - Shutdown initiated...
2026-02-26 19:38:09 [SpringApplicationShutdownHook] INFO  com.zaxxer.hikari.HikariDataSource - HikariPool-1 - Shutdown completed.
2026-02-26 20:28:52 [main] INFO  c.d.s.r.EmployeeRepositoryTest - Starting EmployeeRepositoryTest using Java 21.0.9 on denis-Aspire-A15-41M with PID 21242 (started by denis in /home/denis/git/JetBrains/IdeaProjects/java_springBoot)
2026-02-26 20:28:52 [main] DEBUG c.d.s.r.EmployeeRepositoryTest - Running with Spring Boot v2.7.18, Spring v5.3.31
2026-02-26 20:28:52 [main] INFO  c.d.s.r.EmployeeRepositoryTest - The following 1 profile is active: "prod"
2026-02-26 20:28:53 [main] INFO  o.s.d.r.c.RepositoryConfigurationDelegate - Bootstrapping Spring Data JPA repositories in DEFAULT mode.
2026-02-26 20:28:53 [main] INFO  o.s.d.r.c.RepositoryConfigurationDelegate - Finished Spring Data repository scanning in 35 ms. Found 2 JPA repository interfaces.
2026-02-26 20:28:53 [main] INFO  o.h.jpa.internal.util.LogHelper - HHH000204: Processing PersistenceUnitInfo [name: default]
2026-02-26 20:28:53 [main] INFO  org.hibernate.Version - HHH000412: Hibernate ORM core version 5.6.15.Final
2026-02-26 20:28:53 [main] INFO  o.h.annotations.common.Version - HCANN000001: Hibernate Commons Annotations {5.1.2.Final}
2026-02-26 20:28:53 [main] INFO  com.zaxxer.hikari.HikariDataSource - HikariPool-1 - Starting...
2026-02-26 20:28:53 [main] INFO  com.zaxxer.hikari.HikariDataSource - HikariPool-1 - Start completed.
2026-02-26 20:28:53 [main] INFO  org.hibernate.dialect.Dialect - HHH000400: Using dialect: org.hibernate.dialect.PostgreSQLDialect
2026-02-26 20:28:54 [main] INFO  o.h.e.t.j.p.i.JtaPlatformInitiator - HHH000490: Using JtaPlatform implementation: [org.hibernate.engine.transaction.jta.platform.internal.NoJtaPlatform]
2026-02-26 20:28:54 [main] INFO  o.s.o.j.LocalContainerEntityManagerFactoryBean - Initialized JPA EntityManagerFactory for persistence unit 'default'
2026-02-26 20:28:54 [main] WARN  c.d.s.c.ApplicationConfiguration - Application configuration initialized
2026-02-26 20:28:54 [main] INFO  c.d.s.r.EmployeeRepositoryTest - Started EmployeeRepositoryTest in 2.057 seconds (JVM running for 2.7)
2026-02-26 20:28:54 [main] INFO  o.s.t.c.t.TransactionContext - Began transaction (1) for test context [DefaultTestContext@517566b testClass = EmployeeRepositoryTest, testInstance = com.dma.springboot.repository.EmployeeRepositoryTest@623e088f, testMethod = testQPredicates@EmployeeRepositoryTest, testException = [null], mergedContextConfiguration = [MergedContextConfiguration@64b73e7a testClass = EmployeeRepositoryTest, locations = '{}', classes = '{class com.dma.springboot.SpringBootTestApplication}', contextInitializerClasses = '[]', activeProfiles = '{prod}', propertySourceLocations = '{}', propertySourceProperties = '{org.springframework.boot.test.context.SpringBootTestContextBootstrapper=true}', contextCustomizers = set[org.springframework.boot.test.context.filter.ExcludeFilterContextCustomizer@4c60d6e9, org.springframework.boot.test.json.DuplicateJsonObjectContextCustomizerFactory$DuplicateJsonObjectContextCustomizer@7f485fda, org.springframework.boot.test.mock.mockito.MockitoContextCustomizer@0, org.springframework.boot.test.web.client.TestRestTemplateContextCustomizer@1a75e76a, org.springframework.boot.test.autoconfigure.actuate.metrics.MetricsExportContextCustomizerFactory$DisableMetricExportContextCustomizer@5386659f, org.springframework.boot.test.autoconfigure.properties.PropertyMappingContextCustomizer@0, org.springframework.boot.test.autoconfigure.web.servlet.WebDriverContextCustomizerFactory$Customizer@4a003cbe, org.springframework.boot.test.context.SpringBootTestArgs@1, org.springframework.boot.test.context.SpringBootTestWebEnvironment@103f852], contextLoader = 'org.springframework.boot.test.context.SpringBootContextLoader', parent = [null]], attributes = map['org.springframework.test.context.event.ApplicationEventsTestExecutionListener.recordApplicationEvents' -> false]]; transaction manager [org.springframework.orm.jpa.JpaTransactionManager@1fbd5e0]; rollback [true]
2026-02-26 20:28:54 [main] DEBUG org.hibernate.SQL - select employeeen0_.id as id1_1_, employeeen0_.birth_date as birth_da2_1_, employeeen0_.company_id as company_6_1_, employeeen0_.first_name as first_na3_1_, employeeen0_.last_name as last_nam4_1_, employeeen0_.salary as salary5_1_ from employee employeeen0_ where (lower(employeeen0_.first_name) like ? escape '!') and employeeen0_.salary>=?
2026-02-26 20:28:54 [main] TRACE o.h.type.descriptor.sql.BasicBinder - binding parameter [1] as [VARCHAR] - [%ivan%]
2026-02-26 20:28:54 [main] TRACE o.h.type.descriptor.sql.BasicBinder - binding parameter [2] as [INTEGER] - [100000]
2026-02-26 20:28:55 [main] INFO  o.s.t.c.t.TransactionContext - Rolled back transaction for test: [DefaultTestContext@517566b testClass = EmployeeRepositoryTest, testInstance = com.dma.springboot.repository.EmployeeRepositoryTest@623e088f, testMethod = testQPredicates@EmployeeRepositoryTest, testException = java.lang.AssertionError: [Поиск по фильтру: EmployeeFilter(firstName=ivan, lastName=null, salary=100000)] 
Expecting actual not to be empty, mergedContextConfiguration = [MergedContextConfiguration@64b73e7a testClass = EmployeeRepositoryTest, locations = '{}', classes = '{class com.dma.springboot.SpringBootTestApplication}', contextInitializerClasses = '[]', activeProfiles = '{prod}', propertySourceLocations = '{}', propertySourceProperties = '{org.springframework.boot.test.context.SpringBootTestContextBootstrapper=true}', contextCustomizers = set[org.springframework.boot.test.context.filter.ExcludeFilterContextCustomizer@4c60d6e9, org.springframework.boot.test.json.DuplicateJsonObjectContextCustomizerFactory$DuplicateJsonObjectContextCustomizer@7f485fda, org.springframework.boot.test.mock.mockito.MockitoContextCustomizer@0, org.springframework.boot.test.web.client.TestRestTemplateContextCustomizer@1a75e76a, org.springframework.boot.test.autoconfigure.actuate.metrics.MetricsExportContextCustomizerFactory$DisableMetricExportContextCustomizer@5386659f, org.springframework.boot.test.autoconfigure.properties.PropertyMappingContextCustomizer@0, org.springframework.boot.test.autoconfigure.web.servlet.WebDriverContextCustomizerFactory$Customizer@4a003cbe, org.springframework.boot.test.context.SpringBootTestArgs@1, org.springframework.boot.test.context.SpringBootTestWebEnvironment@103f852], contextLoader = 'org.springframework.boot.test.context.SpringBootContextLoader', parent = [null]], attributes = map['org.springframework.test.context.event.ApplicationEventsTestExecutionListener.recordApplicationEvents' -> false]]
2026-02-26 20:28:55 [SpringApplicationShutdownHook] INFO  o.s.o.j.LocalContainerEntityManagerFactoryBean - Closing JPA EntityManagerFactory for persistence unit 'default'
2026-02-26 20:28:55 [SpringApplicationShutdownHook] INFO  com.zaxxer.hikari.HikariDataSource - HikariPool-1 - Shutdown initiated...
2026-02-26 20:28:55 [SpringApplicationShutdownHook] INFO  com.zaxxer.hikari.HikariDataSource - HikariPool-1 - Shutdown completed.
2026-02-26 20:30:09 [main] INFO  c.d.s.r.EmployeeRepositoryTest - Starting EmployeeRepositoryTest using Java 21.0.9 on denis-Aspire-A15-41M with PID 21425 (started by denis in /home/denis/git/JetBrains/IdeaProjects/java_springBoot)
2026-02-26 20:30:09 [main] DEBUG c.d.s.r.EmployeeRepositoryTest - Running with Spring Boot v2.7.18, Spring v5.3.31
2026-02-26 20:30:09 [main] INFO  c.d.s.r.EmployeeRepositoryTest - The following 1 profile is active: "prod"
2026-02-26 20:30:10 [main] INFO  o.s.d.r.c.RepositoryConfigurationDelegate - Bootstrapping Spring Data JPA repositories in DEFAULT mode.
2026-02-26 20:30:10 [main] INFO  o.s.d.r.c.RepositoryConfigurationDelegate - Finished Spring Data repository scanning in 33 ms. Found 2 JPA repository interfaces.
2026-02-26 20:30:10 [main] INFO  o.h.jpa.internal.util.LogHelper - HHH000204: Processing PersistenceUnitInfo [name: default]
2026-02-26 20:30:10 [main] INFO  org.hibernate.Version - HHH000412: Hibernate ORM core version 5.6.15.Final
2026-02-26 20:30:10 [main] INFO  o.h.annotations.common.Version - HCANN000001: Hibernate Commons Annotations {5.1.2.Final}
2026-02-26 20:30:10 [main] INFO  com.zaxxer.hikari.HikariDataSource - HikariPool-1 - Starting...
2026-02-26 20:30:10 [main] INFO  com.zaxxer.hikari.HikariDataSource - HikariPool-1 - Start completed.
2026-02-26 20:30:10 [main] INFO  org.hibernate.dialect.Dialect - HHH000400: Using dialect: org.hibernate.dialect.PostgreSQLDialect
2026-02-26 20:30:11 [main] INFO  o.h.e.t.j.p.i.JtaPlatformInitiator - HHH000490: Using JtaPlatform implementation: [org.hibernate.engine.transaction.jta.platform.internal.NoJtaPlatform]
2026-02-26 20:30:11 [main] INFO  o.s.o.j.LocalContainerEntityManagerFactoryBean - Initialized JPA EntityManagerFactory for persistence unit 'default'
2026-02-26 20:30:11 [main] WARN  c.d.s.c.ApplicationConfiguration - Application configuration initialized
2026-02-26 20:30:11 [main] INFO  c.d.s.r.EmployeeRepositoryTest - Started EmployeeRepositoryTest in 2.048 seconds (JVM running for 2.679)
2026-02-26 20:30:11 [main] INFO  o.s.t.c.t.TransactionContext - Began transaction (1) for test context [DefaultTestContext@517566b testClass = EmployeeRepositoryTest, testInstance = com.dma.springboot.repository.EmployeeRepositoryTest@623e088f, testMethod = testQPredicates@EmployeeRepositoryTest, testException = [null], mergedContextConfiguration = [MergedContextConfiguration@64b73e7a testClass = EmployeeRepositoryTest, locations = '{}', classes = '{class com.dma.springboot.SpringBootTestApplication}', contextInitializerClasses = '[]', activeProfiles = '{prod}', propertySourceLocations = '{}', propertySourceProperties = '{org.springframework.boot.test.context.SpringBootTestContextBootstrapper=true}', contextCustomizers = set[org.springframework.boot.test.context.filter.ExcludeFilterContextCustomizer@4c60d6e9, org.springframework.boot.test.json.DuplicateJsonObjectContextCustomizerFactory$DuplicateJsonObjectContextCustomizer@7f485fda, org.springframework.boot.test.mock.mockito.MockitoContextCustomizer@0, org.springframework.boot.test.web.client.TestRestTemplateContextCustomizer@1a75e76a, org.springframework.boot.test.autoconfigure.actuate.metrics.MetricsExportContextCustomizerFactory$DisableMetricExportContextCustomizer@5386659f, org.springframework.boot.test.autoconfigure.properties.PropertyMappingContextCustomizer@0, org.springframework.boot.test.autoconfigure.web.servlet.WebDriverContextCustomizerFactory$Customizer@4a003cbe, org.springframework.boot.test.context.SpringBootTestArgs@1, org.springframework.boot.test.context.SpringBootTestWebEnvironment@103f852], contextLoader = 'org.springframework.boot.test.context.SpringBootContextLoader', parent = [null]], attributes = map['org.springframework.test.context.event.ApplicationEventsTestExecutionListener.recordApplicationEvents' -> false]]; transaction manager [org.springframework.orm.jpa.JpaTransactionManager@aee05f4]; rollback [true]
2026-02-26 20:30:11 [main] DEBUG org.hibernate.SQL - select employeeen0_.id as id1_1_, employeeen0_.birth_date as birth_da2_1_, employeeen0_.company_id as company_6_1_, employeeen0_.first_name as first_na3_1_, employeeen0_.last_name as last_nam4_1_, employeeen0_.salary as salary5_1_ from employee employeeen0_ where (lower(employeeen0_.first_name) like ? escape '!') and employeeen0_.salary>=?
2026-02-26 20:30:11 [main] TRACE o.h.type.descriptor.sql.BasicBinder - binding parameter [1] as [VARCHAR] - [%ivan%]
2026-02-26 20:30:11 [main] TRACE o.h.type.descriptor.sql.BasicBinder - binding parameter [2] as [INTEGER] - [50000]
2026-02-26 20:30:11 [main] WARN  c.d.s.r.EmployeeRepositoryTest - ⚠️ Внимание: База данных пуста или не содержит подходящих записей!
2026-02-26 20:30:11 [main] WARN  c.d.s.r.EmployeeRepositoryTest -    Проверьте, что тестовые данные загружены.
2026-02-26 20:30:11 [main] WARN  c.d.s.r.EmployeeRepositoryTest -    Активный профиль: prod
2026-02-26 20:30:11 [main] WARN  c.d.s.r.EmployeeRepositoryTest -    Используемая БД: PostgreSQL
2026-02-26 20:30:11 [main] INFO  o.s.t.c.t.TransactionContext - Rolled back transaction for test: [DefaultTestContext@517566b testClass = EmployeeRepositoryTest, testInstance = com.dma.springboot.repository.EmployeeRepositoryTest@623e088f, testMethod = testQPredicates@EmployeeRepositoryTest, testException = [null], mergedContextConfiguration = [MergedContextConfiguration@64b73e7a testClass = EmployeeRepositoryTest, locations = '{}', classes = '{class com.dma.springboot.SpringBootTestApplication}', contextInitializerClasses = '[]', activeProfiles = '{prod}', propertySourceLocations = '{}', propertySourceProperties = '{org.springframework.boot.test.context.SpringBootTestContextBootstrapper=true}', contextCustomizers = set[org.springframework.boot.test.context.filter.ExcludeFilterContextCustomizer@4c60d6e9, org.springframework.boot.test.json.DuplicateJsonObjectContextCustomizerFactory$DuplicateJsonObjectContextCustomizer@7f485fda, org.springframework.boot.test.mock.mockito.MockitoContextCustomizer@0, org.springframework.boot.test.web.client.TestRestTemplateContextCustomizer@1a75e76a, org.springframework.boot.test.autoconfigure.actuate.metrics.MetricsExportContextCustomizerFactory$DisableMetricExportContextCustomizer@5386659f, org.springframework.boot.test.autoconfigure.properties.PropertyMappingContextCustomizer@0, org.springframework.boot.test.autoconfigure.web.servlet.WebDriverContextCustomizerFactory$Customizer@4a003cbe, org.springframework.boot.test.context.SpringBootTestArgs@1, org.springframework.boot.test.context.SpringBootTestWebEnvironment@103f852], contextLoader = 'org.springframework.boot.test.context.SpringBootContextLoader', parent = [null]], attributes = map['org.springframework.test.context.event.ApplicationEventsTestExecutionListener.recordApplicationEvents' -> false]]
2026-02-26 20:30:11 [SpringApplicationShutdownHook] INFO  o.s.o.j.LocalContainerEntityManagerFactoryBean - Closing JPA EntityManagerFactory for persistence unit 'default'
2026-02-26 20:30:11 [SpringApplicationShutdownHook] INFO  com.zaxxer.hikari.HikariDataSource - HikariPool-1 - Shutdown initiated...
2026-02-26 20:30:11 [SpringApplicationShutdownHook] INFO  com.zaxxer.hikari.HikariDataSource - HikariPool-1 - Shutdown completed.
2026-02-26 20:33:04 [main] INFO  c.d.s.r.EmployeeRepositoryTest - Starting EmployeeRepositoryTest using Java 21.0.9 on denis-Aspire-A15-41M with PID 22012 (started by denis in /home/denis/git/JetBrains/IdeaProjects/java_springBoot)
2026-02-26 20:33:04 [main] DEBUG c.d.s.r.EmployeeRepositoryTest - Running with Spring Boot v2.7.18, Spring v5.3.31
2026-02-26 20:33:04 [main] INFO  c.d.s.r.EmployeeRepositoryTest - The following 1 profile is active: "prod"
2026-02-26 20:33:04 [main] INFO  o.s.d.r.c.RepositoryConfigurationDelegate - Bootstrapping Spring Data JPA repositories in DEFAULT mode.
2026-02-26 20:33:04 [main] INFO  o.s.d.r.c.RepositoryConfigurationDelegate - Finished Spring Data repository scanning in 32 ms. Found 2 JPA repository interfaces.
2026-02-26 20:33:05 [main] INFO  o.h.jpa.internal.util.LogHelper - HHH000204: Processing PersistenceUnitInfo [name: default]
2026-02-26 20:33:05 [main] INFO  org.hibernate.Version - HHH000412: Hibernate ORM core version 5.6.15.Final
2026-02-26 20:33:05 [main] INFO  o.h.annotations.common.Version - HCANN000001: Hibernate Commons Annotations {5.1.2.Final}
2026-02-26 20:33:05 [main] INFO  com.zaxxer.hikari.HikariDataSource - HikariPool-1 - Starting...
2026-02-26 20:33:05 [main] INFO  com.zaxxer.hikari.HikariDataSource - HikariPool-1 - Start completed.
2026-02-26 20:33:05 [main] INFO  org.hibernate.dialect.Dialect - HHH000400: Using dialect: org.hibernate.dialect.PostgreSQLDialect
2026-02-26 20:33:05 [main] INFO  o.h.e.t.j.p.i.JtaPlatformInitiator - HHH000490: Using JtaPlatform implementation: [org.hibernate.engine.transaction.jta.platform.internal.NoJtaPlatform]
2026-02-26 20:33:05 [main] INFO  o.s.o.j.LocalContainerEntityManagerFactoryBean - Initialized JPA EntityManagerFactory for persistence unit 'default'
2026-02-26 20:33:05 [main] WARN  c.d.s.c.ApplicationConfiguration - Application configuration initialized
2026-02-26 20:33:06 [main] INFO  c.d.s.r.EmployeeRepositoryTest - Started EmployeeRepositoryTest in 1.952 seconds (JVM running for 2.559)
2026-02-26 20:33:06 [main] INFO  o.s.t.c.t.TransactionContext - Began transaction (1) for test context [DefaultTestContext@517566b testClass = EmployeeRepositoryTest, testInstance = com.dma.springboot.repository.EmployeeRepositoryTest@623e088f, testMethod = testQPredicates@EmployeeRepositoryTest, testException = [null], mergedContextConfiguration = [MergedContextConfiguration@64b73e7a testClass = EmployeeRepositoryTest, locations = '{}', classes = '{class com.dma.springboot.SpringBootTestApplication}', contextInitializerClasses = '[]', activeProfiles = '{prod}', propertySourceLocations = '{}', propertySourceProperties = '{org.springframework.boot.test.context.SpringBootTestContextBootstrapper=true}', contextCustomizers = set[org.springframework.boot.test.context.filter.ExcludeFilterContextCustomizer@4c60d6e9, org.springframework.boot.test.json.DuplicateJsonObjectContextCustomizerFactory$DuplicateJsonObjectContextCustomizer@7f485fda, org.springframework.boot.test.mock.mockito.MockitoContextCustomizer@0, org.springframework.boot.test.web.client.TestRestTemplateContextCustomizer@1a75e76a, org.springframework.boot.test.autoconfigure.actuate.metrics.MetricsExportContextCustomizerFactory$DisableMetricExportContextCustomizer@5386659f, org.springframework.boot.test.autoconfigure.properties.PropertyMappingContextCustomizer@0, org.springframework.boot.test.autoconfigure.web.servlet.WebDriverContextCustomizerFactory$Customizer@4a003cbe, org.springframework.boot.test.context.SpringBootTestArgs@1, org.springframework.boot.test.context.SpringBootTestWebEnvironment@103f852], contextLoader = 'org.springframework.boot.test.context.SpringBootContextLoader', parent = [null]], attributes = map['org.springframework.test.context.event.ApplicationEventsTestExecutionListener.recordApplicationEvents' -> false]]; transaction manager [org.springframework.orm.jpa.JpaTransactionManager@12166229]; rollback [true]
2026-02-26 20:33:06 [main] DEBUG org.hibernate.SQL - select employeeen0_.id as id1_1_, employeeen0_.birth_date as birth_da2_1_, employeeen0_.company_id as company_6_1_, employeeen0_.first_name as first_na3_1_, employeeen0_.last_name as last_nam4_1_, employeeen0_.salary as salary5_1_ from employee employeeen0_ where (lower(employeeen0_.first_name) like ? escape '!') and employeeen0_.salary>=?
2026-02-26 20:33:06 [main] TRACE o.h.type.descriptor.sql.BasicBinder - binding parameter [1] as [VARCHAR] - [%ivan%]
2026-02-26 20:33:06 [main] TRACE o.h.type.descriptor.sql.BasicBinder - binding parameter [2] as [INTEGER] - [50]
2026-02-26 20:33:06 [main] DEBUG org.hibernate.SQL - select companyent0_.id as id1_0_0_, companyent0_.name as name2_0_0_ from company companyent0_ where companyent0_.id=?
2026-02-26 20:33:06 [main] TRACE o.h.type.descriptor.sql.BasicBinder - binding parameter [1] as [INTEGER] - [1]
2026-02-26 20:33:06 [main] INFO  c.d.s.r.EmployeeRepositoryTest - ✅ Найдено сотрудников: 1
2026-02-26 20:33:06 [main] INFO  c.d.s.r.EmployeeRepositoryTest -   → Ivan Ivanov (з/п: 100, компания: Apple)
2026-02-26 20:33:06 [main] INFO  o.s.t.c.t.TransactionContext - Rolled back transaction for test: [DefaultTestContext@517566b testClass = EmployeeRepositoryTest, testInstance = com.dma.springboot.repository.EmployeeRepositoryTest@623e088f, testMethod = testQPredicates@EmployeeRepositoryTest, testException = java.lang.AssertionError: 
Expecting all elements of:
  [EmployeeEntity(id=1, firstName=Ivan, lastName=Ivanov, birthDay=2020-01-01, salary=100, company=CompanyEntity(id=1, name=Apple))]
to satisfy given requirements, but these elements did not:

EmployeeEntity(id=1, firstName=Ivan, lastName=Ivanov, birthDay=2020-01-01, salary=100, company=CompanyEntity(id=1, name=Apple))
error: 
Expecting actual:
  100
to be greater than or equal to:
  50000
, mergedContextConfiguration = [MergedContextConfiguration@64b73e7a testClass = EmployeeRepositoryTest, locations = '{}', classes = '{class com.dma.springboot.SpringBootTestApplication}', contextInitializerClasses = '[]', activeProfiles = '{prod}', propertySourceLocations = '{}', propertySourceProperties = '{org.springframework.boot.test.context.SpringBootTestContextBootstrapper=true}', contextCustomizers = set[org.springframework.boot.test.context.filter.ExcludeFilterContextCustomizer@4c60d6e9, org.springframework.boot.test.json.DuplicateJsonObjectContextCustomizerFactory$DuplicateJsonObjectContextCustomizer@7f485fda, org.springframework.boot.test.mock.mockito.MockitoContextCustomizer@0, org.springframework.boot.test.web.client.TestRestTemplateContextCustomizer@1a75e76a, org.springframework.boot.test.autoconfigure.actuate.metrics.MetricsExportContextCustomizerFactory$DisableMetricExportContextCustomizer@5386659f, org.springframework.boot.test.autoconfigure.properties.PropertyMappingContextCustomizer@0, org.springframework.boot.test.autoconfigure.web.servlet.WebDriverContextCustomizerFactory$Customizer@4a003cbe, org.springframework.boot.test.context.SpringBootTestArgs@1, org.springframework.boot.test.context.SpringBootTestWebEnvironment@103f852], contextLoader = 'org.springframework.boot.test.context.SpringBootContextLoader', parent = [null]], attributes = map['org.springframework.test.context.event.ApplicationEventsTestExecutionListener.recordApplicationEvents' -> false]]
2026-02-26 20:33:06 [SpringApplicationShutdownHook] INFO  o.s.o.j.LocalContainerEntityManagerFactoryBean - Closing JPA EntityManagerFactory for persistence unit 'default'
2026-02-26 20:33:06 [SpringApplicationShutdownHook] INFO  com.zaxxer.hikari.HikariDataSource - HikariPool-1 - Shutdown initiated...
2026-02-26 20:33:06 [SpringApplicationShutdownHook] INFO  com.zaxxer.hikari.HikariDataSource - HikariPool-1 - Shutdown completed.
2026-02-26 20:34:21 [main] INFO  c.d.s.r.EmployeeRepositoryTest - Starting EmployeeRepositoryTest using Java 21.0.9 on denis-Aspire-A15-41M with PID 22291 (started by denis in /home/denis/git/JetBrains/IdeaProjects/java_springBoot)
2026-02-26 20:34:21 [main] DEBUG c.d.s.r.EmployeeRepositoryTest - Running with Spring Boot v2.7.18, Spring v5.3.31
2026-02-26 20:34:21 [main] INFO  c.d.s.r.EmployeeRepositoryTest - The following 1 profile is active: "prod"
2026-02-26 20:34:21 [main] INFO  o.s.d.r.c.RepositoryConfigurationDelegate - Bootstrapping Spring Data JPA repositories in DEFAULT mode.
2026-02-26 20:34:21 [main] INFO  o.s.d.r.c.RepositoryConfigurationDelegate - Finished Spring Data repository scanning in 33 ms. Found 2 JPA repository interfaces.
2026-02-26 20:34:22 [main] INFO  o.h.jpa.internal.util.LogHelper - HHH000204: Processing PersistenceUnitInfo [name: default]
2026-02-26 20:34:22 [main] INFO  org.hibernate.Version - HHH000412: Hibernate ORM core version 5.6.15.Final
2026-02-26 20:34:22 [main] INFO  o.h.annotations.common.Version - HCANN000001: Hibernate Commons Annotations {5.1.2.Final}
2026-02-26 20:34:22 [main] INFO  com.zaxxer.hikari.HikariDataSource - HikariPool-1 - Starting...
2026-02-26 20:34:22 [main] INFO  com.zaxxer.hikari.HikariDataSource - HikariPool-1 - Start completed.
2026-02-26 20:34:22 [main] INFO  org.hibernate.dialect.Dialect - HHH000400: Using dialect: org.hibernate.dialect.PostgreSQLDialect
2026-02-26 20:34:22 [main] INFO  o.h.e.t.j.p.i.JtaPlatformInitiator - HHH000490: Using JtaPlatform implementation: [org.hibernate.engine.transaction.jta.platform.internal.NoJtaPlatform]
2026-02-26 20:34:22 [main] INFO  o.s.o.j.LocalContainerEntityManagerFactoryBean - Initialized JPA EntityManagerFactory for persistence unit 'default'
2026-02-26 20:34:22 [main] WARN  c.d.s.c.ApplicationConfiguration - Application configuration initialized
2026-02-26 20:34:23 [main] INFO  c.d.s.r.EmployeeRepositoryTest - Started EmployeeRepositoryTest in 1.985 seconds (JVM running for 2.593)
2026-02-26 20:34:23 [main] INFO  o.s.t.c.t.TransactionContext - Began transaction (1) for test context [DefaultTestContext@517566b testClass = EmployeeRepositoryTest, testInstance = com.dma.springboot.repository.EmployeeRepositoryTest@623e088f, testMethod = testQPredicates@EmployeeRepositoryTest, testException = [null], mergedContextConfiguration = [MergedContextConfiguration@64b73e7a testClass = EmployeeRepositoryTest, locations = '{}', classes = '{class com.dma.springboot.SpringBootTestApplication}', contextInitializerClasses = '[]', activeProfiles = '{prod}', propertySourceLocations = '{}', propertySourceProperties = '{org.springframework.boot.test.context.SpringBootTestContextBootstrapper=true}', contextCustomizers = set[org.springframework.boot.test.context.filter.ExcludeFilterContextCustomizer@4c60d6e9, org.springframework.boot.test.json.DuplicateJsonObjectContextCustomizerFactory$DuplicateJsonObjectContextCustomizer@7f485fda, org.springframework.boot.test.mock.mockito.MockitoContextCustomizer@0, org.springframework.boot.test.web.client.TestRestTemplateContextCustomizer@1a75e76a, org.springframework.boot.test.autoconfigure.actuate.metrics.MetricsExportContextCustomizerFactory$DisableMetricExportContextCustomizer@5386659f, org.springframework.boot.test.autoconfigure.properties.PropertyMappingContextCustomizer@0, org.springframework.boot.test.autoconfigure.web.servlet.WebDriverContextCustomizerFactory$Customizer@4a003cbe, org.springframework.boot.test.context.SpringBootTestArgs@1, org.springframework.boot.test.context.SpringBootTestWebEnvironment@103f852], contextLoader = 'org.springframework.boot.test.context.SpringBootContextLoader', parent = [null]], attributes = map['org.springframework.test.context.event.ApplicationEventsTestExecutionListener.recordApplicationEvents' -> false]]; transaction manager [org.springframework.orm.jpa.JpaTransactionManager@39dda56f]; rollback [true]
2026-02-26 20:34:23 [main] INFO  c.d.s.r.EmployeeRepositoryTest - ============================================================
2026-02-26 20:34:23 [main] INFO  c.d.s.r.EmployeeRepositoryTest - 🔍 Поиск по фильтру:
2026-02-26 20:34:23 [main] INFO  c.d.s.r.EmployeeRepositoryTest -    firstName: 'ivan' (поиск по вхождению, без учета регистра)
2026-02-26 20:34:23 [main] INFO  c.d.s.r.EmployeeRepositoryTest -    salary >= 50
2026-02-26 20:34:23 [main] INFO  c.d.s.r.EmployeeRepositoryTest - ============================================================
2026-02-26 20:34:23 [main] DEBUG org.hibernate.SQL - select employeeen0_.id as id1_1_, employeeen0_.birth_date as birth_da2_1_, employeeen0_.company_id as company_6_1_, employeeen0_.first_name as first_na3_1_, employeeen0_.last_name as last_nam4_1_, employeeen0_.salary as salary5_1_ from employee employeeen0_ where (lower(employeeen0_.first_name) like ? escape '!') and employeeen0_.salary>=?
2026-02-26 20:34:23 [main] TRACE o.h.type.descriptor.sql.BasicBinder - binding parameter [1] as [VARCHAR] - [%ivan%]
2026-02-26 20:34:23 [main] TRACE o.h.type.descriptor.sql.BasicBinder - binding parameter [2] as [INTEGER] - [50]
2026-02-26 20:34:23 [main] DEBUG org.hibernate.SQL - select companyent0_.id as id1_0_0_, companyent0_.name as name2_0_0_ from company companyent0_ where companyent0_.id=?
2026-02-26 20:34:23 [main] TRACE o.h.type.descriptor.sql.BasicBinder - binding parameter [1] as [INTEGER] - [1]
2026-02-26 20:34:23 [main] INFO  c.d.s.r.EmployeeRepositoryTest - ✅ Найдено сотрудников: 1
2026-02-26 20:34:23 [main] INFO  c.d.s.r.EmployeeRepositoryTest -    → id=1: Ivan Ivanov, зарплата=100, компания=Apple
2026-02-26 20:34:23 [main] INFO  c.d.s.r.EmployeeRepositoryTest - ============================================================
2026-02-26 20:34:23 [main] INFO  o.s.t.c.t.TransactionContext - Rolled back transaction for test: [DefaultTestContext@517566b testClass = EmployeeRepositoryTest, testInstance = com.dma.springboot.repository.EmployeeRepositoryTest@623e088f, testMethod = testQPredicates@EmployeeRepositoryTest, testException = [null], mergedContextConfiguration = [MergedContextConfiguration@64b73e7a testClass = EmployeeRepositoryTest, locations = '{}', classes = '{class com.dma.springboot.SpringBootTestApplication}', contextInitializerClasses = '[]', activeProfiles = '{prod}', propertySourceLocations = '{}', propertySourceProperties = '{org.springframework.boot.test.context.SpringBootTestContextBootstrapper=true}', contextCustomizers = set[org.springframework.boot.test.context.filter.ExcludeFilterContextCustomizer@4c60d6e9, org.springframework.boot.test.json.DuplicateJsonObjectContextCustomizerFactory$DuplicateJsonObjectContextCustomizer@7f485fda, org.springframework.boot.test.mock.mockito.MockitoContextCustomizer@0, org.springframework.boot.test.web.client.TestRestTemplateContextCustomizer@1a75e76a, org.springframework.boot.test.autoconfigure.actuate.metrics.MetricsExportContextCustomizerFactory$DisableMetricExportContextCustomizer@5386659f, org.springframework.boot.test.autoconfigure.properties.PropertyMappingContextCustomizer@0, org.springframework.boot.test.autoconfigure.web.servlet.WebDriverContextCustomizerFactory$Customizer@4a003cbe, org.springframework.boot.test.context.SpringBootTestArgs@1, org.springframework.boot.test.context.SpringBootTestWebEnvironment@103f852], contextLoader = 'org.springframework.boot.test.context.SpringBootContextLoader', parent = [null]], attributes = map['org.springframework.test.context.event.ApplicationEventsTestExecutionListener.recordApplicationEvents' -> false]]
2026-02-26 20:34:23 [SpringApplicationShutdownHook] INFO  o.s.o.j.LocalContainerEntityManagerFactoryBean - Closing JPA EntityManagerFactory for persistence unit 'default'
2026-02-26 20:34:23 [SpringApplicationShutdownHook] INFO  com.zaxxer.hikari.HikariDataSource - HikariPool-1 - Shutdown initiated...
2026-02-26 20:34:23 [SpringApplicationShutdownHook] INFO  com.zaxxer.hikari.HikariDataSource - HikariPool-1 - Shutdown completed.
